Archive member included to satisfy reference by file (symbol)

d:/tung/programme data/ide/microchip studio/7.0/toolchain/avr8/avr8-gnu-toolchain/bin/../lib/gcc/avr/5.4.0/../../../../avr/lib/avr5\libm.a(addsf3.o)
                              examples/SS_TWR_RESPONDER.o (__subsf3)
d:/tung/programme data/ide/microchip studio/7.0/toolchain/avr8/avr8-gnu-toolchain/bin/../lib/gcc/avr/5.4.0/../../../../avr/lib/avr5\libm.a(addsf3x.o)
                              d:/tung/programme data/ide/microchip studio/7.0/toolchain/avr8/avr8-gnu-toolchain/bin/../lib/gcc/avr/5.4.0/../../../../avr/lib/avr5\libm.a(addsf3.o) (__addsf3x)
d:/tung/programme data/ide/microchip studio/7.0/toolchain/avr8/avr8-gnu-toolchain/bin/../lib/gcc/avr/5.4.0/../../../../avr/lib/avr5\libm.a(cmpsf2.o)
                              platform/port.o (__ltsf2)
d:/tung/programme data/ide/microchip studio/7.0/toolchain/avr8/avr8-gnu-toolchain/bin/../lib/gcc/avr/5.4.0/../../../../avr/lib/avr5\libm.a(divsf3.o)
                              driver/deca_device_api.o (__divsf3)
d:/tung/programme data/ide/microchip studio/7.0/toolchain/avr8/avr8-gnu-toolchain/bin/../lib/gcc/avr/5.4.0/../../../../avr/lib/avr5\libm.a(divsf3x.o)
                              d:/tung/programme data/ide/microchip studio/7.0/toolchain/avr8/avr8-gnu-toolchain/bin/../lib/gcc/avr/5.4.0/../../../../avr/lib/avr5\libm.a(divsf3.o) (__divsf3x)
d:/tung/programme data/ide/microchip studio/7.0/toolchain/avr8/avr8-gnu-toolchain/bin/../lib/gcc/avr/5.4.0/../../../../avr/lib/avr5\libm.a(fixsfdi.o)
                              examples/SS_TWR_RESPONDER.o (__fixsfdi)
d:/tung/programme data/ide/microchip studio/7.0/toolchain/avr8/avr8-gnu-toolchain/bin/../lib/gcc/avr/5.4.0/../../../../avr/lib/avr5\libm.a(fixsfsi.o)
                              driver/deca_device_api.o (__fixsfsi)
d:/tung/programme data/ide/microchip studio/7.0/toolchain/avr8/avr8-gnu-toolchain/bin/../lib/gcc/avr/5.4.0/../../../../avr/lib/avr5\libm.a(fixunssfsi.o)
                              platform/port.o (__fixunssfsi)
d:/tung/programme data/ide/microchip studio/7.0/toolchain/avr8/avr8-gnu-toolchain/bin/../lib/gcc/avr/5.4.0/../../../../avr/lib/avr5\libm.a(floatdisf.o)
                              examples/SS_TWR_RESPONDER.o (__floatdisf)
d:/tung/programme data/ide/microchip studio/7.0/toolchain/avr8/avr8-gnu-toolchain/bin/../lib/gcc/avr/5.4.0/../../../../avr/lib/avr5\libm.a(floatsisf.o)
                              driver/deca_device_api.o (__floatunsisf)
d:/tung/programme data/ide/microchip studio/7.0/toolchain/avr8/avr8-gnu-toolchain/bin/../lib/gcc/avr/5.4.0/../../../../avr/lib/avr5\libm.a(floatundisf.o)
                              d:/tung/programme data/ide/microchip studio/7.0/toolchain/avr8/avr8-gnu-toolchain/bin/../lib/gcc/avr/5.4.0/../../../../avr/lib/avr5\libm.a(floatdisf.o) (__fp_di2sf)
d:/tung/programme data/ide/microchip studio/7.0/toolchain/avr8/avr8-gnu-toolchain/bin/../lib/gcc/avr/5.4.0/../../../../avr/lib/avr5\libm.a(fp_cmp.o)
                              d:/tung/programme data/ide/microchip studio/7.0/toolchain/avr8/avr8-gnu-toolchain/bin/../lib/gcc/avr/5.4.0/../../../../avr/lib/avr5\libm.a(cmpsf2.o) (__fp_cmp)
d:/tung/programme data/ide/microchip studio/7.0/toolchain/avr8/avr8-gnu-toolchain/bin/../lib/gcc/avr/5.4.0/../../../../avr/lib/avr5\libm.a(fp_inf.o)
                              d:/tung/programme data/ide/microchip studio/7.0/toolchain/avr8/avr8-gnu-toolchain/bin/../lib/gcc/avr/5.4.0/../../../../avr/lib/avr5\libm.a(addsf3x.o) (__fp_inf)
d:/tung/programme data/ide/microchip studio/7.0/toolchain/avr8/avr8-gnu-toolchain/bin/../lib/gcc/avr/5.4.0/../../../../avr/lib/avr5\libm.a(fp_nan.o)
                              d:/tung/programme data/ide/microchip studio/7.0/toolchain/avr8/avr8-gnu-toolchain/bin/../lib/gcc/avr/5.4.0/../../../../avr/lib/avr5\libm.a(addsf3x.o) (__fp_nan)
d:/tung/programme data/ide/microchip studio/7.0/toolchain/avr8/avr8-gnu-toolchain/bin/../lib/gcc/avr/5.4.0/../../../../avr/lib/avr5\libm.a(fp_negdi.o)
                              d:/tung/programme data/ide/microchip studio/7.0/toolchain/avr8/avr8-gnu-toolchain/bin/../lib/gcc/avr/5.4.0/../../../../avr/lib/avr5\libm.a(fixsfdi.o) (__fp_negdi)
d:/tung/programme data/ide/microchip studio/7.0/toolchain/avr8/avr8-gnu-toolchain/bin/../lib/gcc/avr/5.4.0/../../../../avr/lib/avr5\libm.a(fp_pscA.o)
                              d:/tung/programme data/ide/microchip studio/7.0/toolchain/avr8/avr8-gnu-toolchain/bin/../lib/gcc/avr/5.4.0/../../../../avr/lib/avr5\libm.a(addsf3x.o) (__fp_pscA)
d:/tung/programme data/ide/microchip studio/7.0/toolchain/avr8/avr8-gnu-toolchain/bin/../lib/gcc/avr/5.4.0/../../../../avr/lib/avr5\libm.a(fp_pscB.o)
                              d:/tung/programme data/ide/microchip studio/7.0/toolchain/avr8/avr8-gnu-toolchain/bin/../lib/gcc/avr/5.4.0/../../../../avr/lib/avr5\libm.a(addsf3x.o) (__fp_pscB)
[...]
Memory Configuration

Name             Origin             Length             Attributes
text             0x00000000         0x00008000         xr
data             0x00800100         0x00000800         rw !x
eeprom           0x00810000         0x00000400         rw !x
fuse             0x00820000         0x00000003         rw !x
lock             0x00830000         0x00000400         rw !x
signature        0x00840000         0x00000400         rw !x
user_signatures  0x00850000         0x00000400         rw !x
*default*        0x00000000         0xffffffff

Linker script and memory map

Address of section .data set to 0x800100
LOAD D:/Tung/Programme data/IDE/Microchip Studio/7.0/Packs/atmel/ATmega_DFP/1.7.374/gcc/dev/atmega328p/avr5/crtatmega328p.o
LOAD driver/deca_device_api.o
LOAD examples/SS_TWR_RESPONDER.o
LOAD examples/SS_TWR_INITIATOR.o
LOAD examples/simple_rx.o
LOAD examples/simple_tx.o
LOAD include/config_options.o
LOAD include/shared_functions.o
LOAD main.o
LOAD platform/port.o
LOAD platform/UART.o
LOAD src/ASF/mega/boards/atmega328pb_xplained_mini/init.o
START GROUP
LOAD d:/tung/programme data/ide/microchip studio/7.0/toolchain/avr8/avr8-gnu-toolchain/bin/../lib/gcc/avr/5.4.0/../../../../avr/lib/avr5\libm.a
END GROUP
START GROUP
LOAD d:/tung/programme data/ide/microchip studio/7.0/toolchain/avr8/avr8-gnu-toolchain/bin/../lib/gcc/avr/5.4.0/avr5\libgcc.a
LOAD d:/tung/programme data/ide/microchip studio/7.0/toolchain/avr8/avr8-gnu-toolchain/bin/../lib/gcc/avr/5.4.0/../../../../avr/lib/avr5\libm.a
LOAD d:/tung/programme data/ide/microchip studio/7.0/toolchain/avr8/avr8-gnu-toolchain/bin/../lib/gcc/avr/5.4.0/../../../../avr/lib/avr5\libc.a
LOAD D:/Tung/Programme data/IDE/Microchip Studio/7.0/Packs/atmel/ATmega_DFP/1.7.374/gcc/dev/atmega328p/avr5\libatmega328p.a
END GROUP
                0x00000000                __TEXT_REGION_ORIGIN__ = DEFINED (__TEXT_REGION_ORIGIN__)?__TEXT_REGION_ORIGIN__:0x0
                [0x00800100]                __DATA_REGION_ORIGIN__ = DEFINED (__DATA_REGION_ORIGIN__)?__DATA_REGION_ORIGIN__:0x800060
                [0x00008000]                __TEXT_REGION_LENGTH__ = DEFINED (__TEXT_REGION_LENGTH__)?__TEXT_REGION_LENGTH__:0x20000
                [0x00000800]                __DATA_REGION_LENGTH__ = DEFINED (__DATA_REGION_LENGTH__)?__DATA_REGION_LENGTH__:0xffa0
                [0x00000400]                __EEPROM_REGION_LENGTH__ = DEFINED (__EEPROM_REGION_LENGTH__)?__EEPROM_REGION_LENGTH__:0x10000
                [0x00000003]                __FUSE_REGION_LENGTH__ = DEFINED (__FUSE_REGION_LENGTH__)?__FUSE_REGION_LENGTH__:0x400
                0x00000400                __LOCK_REGION_LENGTH__ = DEFINED (__LOCK_REGION_LENGTH__)?__LOCK_REGION_LENGTH__:0x400
                0x00000400                __SIGNATURE_REGION_LENGTH__ = DEFINED (__SIGNATURE_REGION_LENGTH__)?__SIGNATURE_REGION_LENGTH__:0x400
                0x00000400                __USER_SIGNATURE_REGION_LENGTH__ = DEFINED (__USER_SIGNATURE_REGION_LENGTH__)?__USER_SIGNATURE_REGION_LENGTH__:0x400

.hash
 *(.hash)

.dynsym
 *(.dynsym)

.dynstr
 *(.dynstr)

.gnu.version
 *(.gnu.version)

.gnu.version_d
 *(.gnu.version_d)

.gnu.version_r
 *(.gnu.version_r)

.rel.init
 *(.rel.init)

.rela.init
 *(.rela.init)

.rel.text
 *(.rel.text)
 *(.rel.text.*)
 *(.rel.gnu.linkonce.t*)

.rela.text
 *(.rela.text)
 *(.rela.text.*)
 *(.rela.gnu.linkonce.t*)

.rel.fini
 *(.rel.fini)

.rela.fini
 *(.rela.fini)

.rel.rodata
 *(.rel.rodata)
 *(.rel.rodata.*)
 *(.rel.gnu.linkonce.r*)

.rela.rodata
 *(.rela.rodata)
 *(.rela.rodata.*)
 *(.rela.gnu.linkonce.r*)

.rel.data
 *(.rel.data)
 *(.rel.data.*)
 *(.rel.gnu.linkonce.d*)

.rela.data
 *(.rela.data)
 *(.rela.data.*)
 *(.rela.gnu.linkonce.d*)

.rel.ctors
 *(.rel.ctors)

.rela.ctors
 *(.rela.ctors)

.rel.dtors
 *(.rel.dtors)

.rela.dtors
 *(.rela.dtors)

.rel.got
 *(.rel.got)

.rela.got
 *(.rela.got)

.rel.bss
 *(.rel.bss)

.rela.bss
 *(.rela.bss)

.rel.plt
 *(.rel.plt)

.rela.plt
 *(.rela.plt)

.text           0x00000000     0x25da
 *(.vectors)
 .vectors       0x00000000       0x68 D:/Tung/Programme data/IDE/Microchip Studio/7.0/Packs/atmel/ATmega_DFP/1.7.374/gcc/dev/atmega328p/avr5/crtatmega328p.o
                0x00000000                __vector_default
                0x00000000                __vectors
 *(.vectors)
 *(.progmem.gcc*)
                0x00000068                . = ALIGN (0x2)
                0x00000068                __trampolines_start = .
 *(.trampolines)
 .trampolines   0x00000068        0x0 linker stubs
 *(.trampolines*)
                0x00000068                __trampolines_end = .
 *libprintf_flt.a:*(.progmem.data)
 *libc.a:*(.progmem.data)
 *(.progmem*)
                0x00000068                . = ALIGN (0x2)
 *(.jumptables)
 *(.jumptables*)
 *(.lowtext)
 *(.lowtext*)
                0x00000068                __ctors_start = .
 *(.ctors)
                0x00000068                __ctors_end = .
                0x00000068                __dtors_start = .
 *(.dtors)
                0x00000068                __dtors_end = .
 SORT(*)(.ctors)
 SORT(*)(.dtors)
 *(.init0)
 .init0         0x00000068        0x0 D:/Tung/Programme data/IDE/Microchip Studio/7.0/Packs/atmel/ATmega_DFP/1.7.374/gcc/dev/atmega328p/avr5/crtatmega328p.o
                0x00000068                __init
 *(.init0)
 *(.init1)
 *(.init1)
 *(.init2)
 .init2         0x00000068        0xc D:/Tung/Programme data/IDE/Microchip Studio/7.0/Packs/atmel/ATmega_DFP/1.7.374/gcc/dev/atmega328p/avr5/crtatmega328p.o
 *(.init2)
 *(.init3)
 *(.init3)
 *(.init4)
 .init4         0x00000074       0x16 d:/tung/programme data/ide/microchip studio/7.0/toolchain/avr8/avr8-gnu-toolchain/bin/../lib/gcc/avr/5.4.0/avr5\libgcc.a(_copy_data.o)
                0x00000074                __do_copy_data
 .init4         0x0000008a       0x10 d:/tung/programme data/ide/microchip studio/7.0/toolchain/avr8/avr8-gnu-toolchain/bin/../lib/gcc/avr/5.4.0/avr5\libgcc.a(_clear_bss.o)
                0x0000008a                __do_clear_bss
 *(.init4)
 *(.init5)
 *(.init5)
 *(.init6)
 *(.init6)
 *(.init7)
 *(.init7)
 *(.init8)
 *(.init8)
 *(.init9)
 .init9         0x0000009a        0x8 D:/Tung/Programme data/IDE/Microchip Studio/7.0/Packs/atmel/ATmega_DFP/1.7.374/gcc/dev/atmega328p/avr5/crtatmega328p.o
 *(.init9)
 *(.text)
 .text          0x000000a2        0x2 D:/Tung/Programme data/IDE/Microchip Studio/7.0/Packs/atmel/ATmega_DFP/1.7.374/gcc/dev/atmega328p/avr5/crtatmega328p.o
                0x000000a2                __vector_22
                0x000000a2                __vector_1
                0x000000a2                __vector_24
                0x000000a2                __vector_12
                0x000000a2                __bad_interrupt
                0x000000a2                __vector_6
                0x000000a2                __vector_3
                0x000000a2                __vector_23
                0x000000a2                __vector_25
                0x000000a2                __vector_11
                0x000000a2                __vector_13
                0x000000a2                __vector_17
                0x000000a2                __vector_19
                0x000000a2                __vector_7
                0x000000a2                __vector_5
                0x000000a2                __vector_4
                0x000000a2                __vector_9
                0x000000a2                __vector_2
                0x000000a2                __vector_21
                0x000000a2                __vector_15
                0x000000a2                __vector_8
                0x000000a2                __vector_14
                0x000000a2                __vector_10
                0x000000a2                __vector_16
                0x000000a2                __vector_18
                0x000000a2                __vector_20
                0x000000a4                . = ALIGN (0x2)
 *(.text.*)
 .text.dwt_xfer3000
                0x000000a4      0x13a driver/deca_device_api.o
 .text.dwt_writetodevice
                0x000001de       0x1c driver/deca_device_api.o
                0x000001de                dwt_writetodevice
 .text.dwt_readfromdevice
                0x000001fa       0x18 driver/deca_device_api.o
                0x000001fa                dwt_readfromdevice
 .text.dwt_read32bitoffsetreg
                0x00000212       0x4a driver/deca_device_api.o
                0x00000212                dwt_read32bitoffsetreg
 .text.dwt_read16bitoffsetreg
                0x0000025c       0x2e driver/deca_device_api.o
                0x0000025c                dwt_read16bitoffsetreg
 .text.dwt_read8bitoffsetreg
                0x0000028a       0x22 driver/deca_device_api.o
                0x0000028a                dwt_read8bitoffsetreg
 .text.dwt_write32bitoffsetreg
                0x000002ac       0x28 driver/deca_device_api.o
                0x000002ac                dwt_write32bitoffsetreg
 .text.dwt_disable_rftx_blocks
                0x000002d4       0x1e driver/deca_device_api.o
 .text.dwt_write16bitoffsetreg
                0x000002f2       0x24 driver/deca_device_api.o
                0x000002f2                dwt_write16bitoffsetreg
 .text._dwt_otpread
                0x00000316       0x4e driver/deca_device_api.o
 .text.dwt_force_clocks
                0x00000364       0x32 driver/deca_device_api.o
 .text.dwt_write8bitoffsetreg
                0x00000396       0x22 driver/deca_device_api.o
                0x00000396                dwt_write8bitoffsetreg
 .text.dwt_modify32bitoffsetreg
                0x000003b8       0x3c driver/deca_device_api.o
                0x000003b8                dwt_modify32bitoffsetreg
 .text._dwt_kick_dgc_on_wakeup
                0x000003f4       0x66 driver/deca_device_api.o
 .text.dwt_enable_rf_tx
                0x0000045a       0xe2 driver/deca_device_api.o
 .text.dwt_enable_rftx_blocks
                0x0000053c       0x78 driver/deca_device_api.o
 .text.dwt_modify16bitoffsetreg
                0x000005b4       0x32 driver/deca_device_api.o
                0x000005b4                dwt_modify16bitoffsetreg
 .text._dwt_prog_ldo_and_bias_tune
                0x000005e6       0x38 driver/deca_device_api.o
 .text.dwt_modify8bitoffsetreg
                0x0000061e       0x2e driver/deca_device_api.o
                0x0000061e                dwt_modify8bitoffsetreg
 .text.dwt_setdwstate
                0x0000064c       0xcc driver/deca_device_api.o
                0x0000064c                dwt_setdwstate
 .text.dwt_readdevid
                0x00000718        0xe driver/deca_device_api.o
                0x00000718                dwt_readdevid
 .text.dwt_configmrxlut
                0x00000726      0x1a0 driver/deca_device_api.o
                0x00000726                dwt_configmrxlut
 .text.dwt_run_pgfcal
                0x000008c6      0x10c driver/deca_device_api.o
                0x000008c6                dwt_run_pgfcal
 .text.dwt_pgf_cal
                0x000009d2       0x64 driver/deca_device_api.o
                0x000009d2                dwt_pgf_cal
 .text.dwt_writetxdata
                0x00000a36       0x88 driver/deca_device_api.o
                0x00000a36                dwt_writetxdata
 .text.dwt_writetxfctrl
                0x00000abe       0xda driver/deca_device_api.o
                0x00000abe                dwt_writetxfctrl
 .text.dwt_setplenfine
                0x00000b98       0x12 driver/deca_device_api.o
                0x00000b98                dwt_setplenfine
 .text.dwt_configure
                0x00000baa      0x5f4 driver/deca_device_api.o
                0x00000baa                dwt_configure
 .text.dwt_clearaonconfig
                0x0000119e       0x44 driver/deca_device_api.o
                0x0000119e                dwt_clearaonconfig
 .text.dwt_check_dev_id
                0x000011e2       0x5a driver/deca_device_api.o
                0x000011e2                dwt_check_dev_id
 .text.dwt_initialise
                0x0000123c      0x16c driver/deca_device_api.o
                0x0000123c                dwt_initialise
 .text.dwt_checkidlerc
                0x000013a8       0x16 driver/deca_device_api.o
                0x000013a8                dwt_checkidlerc
 .text.dwt_setleds
                0x000013be       0xf2 driver/deca_device_api.o
                0x000013be                dwt_setleds
 .text.dwt_starttx
                0x000014b0      0x1f0 driver/deca_device_api.o
                0x000014b0                dwt_starttx
 .text.dwt_softreset
                0x000016a0       0x42 driver/deca_device_api.o
                0x000016a0                dwt_softreset
 .text.dwt_calcbandwidthadj
                0x000016e2       0xbc driver/deca_device_api.o
                0x000016e2                dwt_calcbandwidthadj
 .text.dwt_configuretxrf
                0x0000179e       0x68 driver/deca_device_api.o
                0x0000179e                dwt_configuretxrf
 .text.simple_tx
                0x00001806       0xee examples/simple_tx.o
                0x00001806                simple_tx
 .text.main     0x000018f4       0x18 main.o
                0x000018f4                main
 .text.sleepms  0x0000190c       0x90 platform/port.o
                0x0000190c                sleepms
 .text.sleepus  0x0000199c      0x12e platform/port.o
                0x0000199c                sleepus
 .text.deca_sleep
                0x00001aca        0xc platform/port.o
                0x00001aca                deca_sleep
 .text.deca_usleep
                0x00001ad6        0xc platform/port.o
                0x00001ad6                deca_usleep
 .text.spi_init
                0x00001ae2       0x14 platform/port.o
                0x00001ae2                spi_init
 .text.open_spi
                0x00001af6        0x4 platform/port.o
                0x00001af6                open_spi
 .text.close_spi
                0x00001afa        0x4 platform/port.o
                0x00001afa                close_spi
 .text.spi_tranceiver
                0x00001afe       0x16 platform/port.o
                0x00001afe                spi_tranceiver
 .text.readfromspi
                0x00001b14       0x5e platform/port.o
                0x00001b14                readfromspi
 .text.writetospi
                0x00001b72       0x5c platform/port.o
                0x00001b72                writetospi
 .text.port_set_dw_ic_spi_slowrate
                0x00001bce        0x8 platform/port.o
                0x00001bce                port_set_dw_ic_spi_slowrate
 .text.port_set_dw_ic_spi_fastrate
                0x00001bd6        0x8 platform/port.o
                0x00001bd6                port_set_dw_ic_spi_fastrate
 .text.UART_putc
                0x00001bde       0x12 platform/UART.o
                0x00001bde                UART_putc
 .text.uart_init
                0x00001bf0       0x2e platform/UART.o
                0x00001bf0                uart_init
 .text.UART_puts
                0x00001c1e       0x1c platform/UART.o
                0x00001c1e                UART_puts
 .text.board_init
                0x00001c3a       0x12 src/ASF/mega/boards/atmega328pb_xplained_mini/init.o
                0x00001c3a                board_init
 .text.avr-libc.fplib
                0x00001c4c        0x8 d:/tung/programme data/ide/microchip studio/7.0/toolchain/avr8/avr8-gnu-toolchain/bin/../lib/gcc/avr/5.4.0/../../../../avr/lib/avr5\libm.a(cmpsf2.o)
                0x00001c4c                __nesf2
                0x00001c4c                __eqsf2
                0x00001c4c                __cmpsf2
                0x00001c4c                __ltsf2
                0x00001c4c                __lesf2
 .text.avr-libc.fplib
                0x00001c54        0x4 d:/tung/programme data/ide/microchip studio/7.0/toolchain/avr8/avr8-gnu-toolchain/bin/../lib/gcc/avr/5.4.0/../../../../avr/lib/avr5\libm.a(divsf3.o)
                0x00001c54                __divsf3
 .text.avr-libc.fplib
                0x00001c58       0xcc d:/tung/programme data/ide/microchip studio/7.0/toolchain/avr8/avr8-gnu-toolchain/bin/../lib/gcc/avr/5.4.0/../../../../avr/lib/avr5\libm.a(divsf3x.o)
                0x00001c6e                __divsf3x
                0x00001c72                __divsf3_pse
 .text.avr-libc.fplib
                0x00001d24        0xa d:/tung/programme data/ide/microchip studio/7.0/toolchain/avr8/avr8-gnu-toolchain/bin/../lib/gcc/avr/5.4.0/../../../../avr/lib/avr5\libm.a(fixsfsi.o)
                0x00001d24                __fixsfsi
 .text.avr-libc.fplib
                0x00001d2e       0x58 d:/tung/programme data/ide/microchip studio/7.0/toolchain/avr8/avr8-gnu-toolchain/bin/../lib/gcc/avr/5.4.0/../../../../avr/lib/avr5\libm.a(fixunssfsi.o)
                0x00001d2e                __fixunssfsi
 .text.avr-libc.fplib
                0x00001d86       0x7a d:/tung/programme data/ide/microchip studio/7.0/toolchain/avr8/avr8-gnu-toolchain/bin/../lib/gcc/avr/5.4.0/../../../../avr/lib/avr5\libm.a(floatsisf.o)
                0x00001d86                __floatunsisf
                0x00001d8a                __floatsisf
 .text.avr-libc.fplib
                0x00001e00       0x48 d:/tung/programme data/ide/microchip studio/7.0/toolchain/avr8/avr8-gnu-toolchain/bin/../lib/gcc/avr/5.4.0/../../../../avr/lib/avr5\libm.a(fp_cmp.o)
                0x00001e00                __fp_cmp
 .text.avr-libc.fplib
                0x00001e48        0xc d:/tung/programme data/ide/microchip studio/7.0/toolchain/avr8/avr8-gnu-toolchain/bin/../lib/gcc/avr/5.4.0/../../../../avr/lib/avr5\libm.a(fp_inf.o)
                0x00001e48                __fp_inf
 .text.avr-libc.fplib
                0x00001e54        0x6 d:/tung/programme data/ide/microchip studio/7.0/toolchain/avr8/avr8-gnu-toolchain/bin/../lib/gcc/avr/5.4.0/../../../../avr/lib/avr5\libm.a(fp_nan.o)
                0x00001e54                __fp_nan
 .text.avr-libc.fplib
                0x00001e5a        0xe d:/tung/programme data/ide/microchip studio/7.0/toolchain/avr8/avr8-gnu-toolchain/bin/../lib/gcc/avr/5.4.0/../../../../avr/lib/avr5\libm.a(fp_pscA.o)
                0x00001e5a                __fp_pscA
 .text.avr-libc.fplib
                0x00001e68        0xe d:/tung/programme data/ide/microchip studio/7.0/toolchain/avr8/avr8-gnu-toolchain/bin/../lib/gcc/avr/5.4.0/../../../../avr/lib/avr5\libm.a(fp_pscB.o)
                0x00001e68                __fp_pscB
 .text.avr-libc.fplib
                0x00001e76       0x22 d:/tung/programme data/ide/microchip studio/7.0/toolchain/avr8/avr8-gnu-toolchain/bin/../lib/gcc/avr/5.4.0/../../../../avr/lib/avr5\libm.a(fp_round.o)
                0x00001e76                __fp_round
 .text.avr-libc.fplib
                0x00001e98       0x44 d:/tung/programme data/ide/microchip studio/7.0/toolchain/avr8/avr8-gnu-toolchain/bin/../lib/gcc/avr/5.4.0/../../../../avr/lib/avr5\libm.a(fp_split3.o)
                0x00001e98                __fp_split3
                0x00001ea8                __fp_splitA
 .text.avr-libc.fplib
                0x00001edc        0xe d:/tung/programme data/ide/microchip studio/7.0/toolchain/avr8/avr8-gnu-toolchain/bin/../lib/gcc/avr/5.4.0/../../../../avr/lib/avr5\libm.a(fp_zero.o)
                0x00001edc                __fp_zero
                0x00001ede                __fp_szero
 .text.avr-libc.fplib
                0x00001eea        0x8 d:/tung/programme data/ide/microchip studio/7.0/toolchain/avr8/avr8-gnu-toolchain/bin/../lib/gcc/avr/5.4.0/../../../../avr/lib/avr5\libm.a(gesf2.o)
                0x00001eea                __gesf2
                0x00001eea                __gtsf2
 .text.avr-libc.fplib
                0x00001ef2        0x4 d:/tung/programme data/ide/microchip studio/7.0/toolchain/avr8/avr8-gnu-toolchain/bin/../lib/gcc/avr/5.4.0/../../../../avr/lib/avr5\libm.a(mulsf3.o)
                0x00001ef2                __mulsf3
 .text.avr-libc.fplib
                0x00001ef6       0xc2 d:/tung/programme data/ide/microchip studio/7.0/toolchain/avr8/avr8-gnu-toolchain/bin/../lib/gcc/avr/5.4.0/../../../../avr/lib/avr5\libm.a(mulsf3x.o)
                0x00001f0a                __mulsf3x
                0x00001f0e                __mulsf3_pse
 .text.libgcc.mul
                0x00001fb8       0x1e d:/tung/programme data/ide/microchip studio/7.0/toolchain/avr8/avr8-gnu-toolchain/bin/../lib/gcc/avr/5.4.0/avr5\libgcc.a(_umulhisi3.o)
                0x00001fb8                __umulhisi3
 .text.libgcc.prologue
                0x00001fd6       0x38 d:/tung/programme data/ide/microchip studio/7.0/toolchain/avr8/avr8-gnu-toolchain/bin/../lib/gcc/avr/5.4.0/avr5\libgcc.a(_prologue.o)
                0x00001fd6                __prologue_saves__
 .text.libgcc.prologue
                0x0000200e       0x36 d:/tung/programme data/ide/microchip studio/7.0/toolchain/avr8/avr8-gnu-toolchain/bin/../lib/gcc/avr/5.4.0/avr5\libgcc.a(_epilogue.o)
                0x0000200e                __epilogue_restores__
 .text.avr-libc
                0x00002044        0x8 d:/tung/programme data/ide/microchip studio/7.0/toolchain/avr8/avr8-gnu-toolchain/bin/../lib/gcc/avr/5.4.0/../../../../avr/lib/avr5\libc.a(abort.o)
                0x00002044                abort
 .text.avr-libc
                0x0000204c       0x26 d:/tung/programme data/ide/microchip studio/7.0/toolchain/avr8/avr8-gnu-toolchain/bin/../lib/gcc/avr/5.4.0/../../../../avr/lib/avr5\libc.a(printf.o)
                0x0000204c                printf
 .text.avr-libc
                0x00002072       0x60 d:/tung/programme data/ide/microchip studio/7.0/toolchain/avr8/avr8-gnu-toolchain/bin/../lib/gcc/avr/5.4.0/../../../../avr/lib/avr5\libc.a(puts.o)
                0x00002072                puts
 .text.avr-libc
                0x000020d2      0x3a4 d:/tung/programme data/ide/microchip studio/7.0/toolchain/avr8/avr8-gnu-toolchain/bin/../lib/gcc/avr/5.4.0/../../../../avr/lib/avr5\libc.a(vfprintf_std.o)
                0x000020d2                vfprintf
 .text.avr-libc
                0x00002476       0x16 d:/tung/programme data/ide/microchip studio/7.0/toolchain/avr8/avr8-gnu-toolchain/bin/../lib/gcc/avr/5.4.0/../../../../avr/lib/avr5\libc.a(strnlen_P.o)
                0x00002476                strnlen_P
 .text.avr-libc
                0x0000248c       0x16 d:/tung/programme data/ide/microchip studio/7.0/toolchain/avr8/avr8-gnu-toolchain/bin/../lib/gcc/avr/5.4.0/../../../../avr/lib/avr5\libc.a(strnlen.o)
                0x0000248c                strnlen
 .text.avr-libc
                0x000024a2       0x78 d:/tung/programme data/ide/microchip studio/7.0/toolchain/avr8/avr8-gnu-toolchain/bin/../lib/gcc/avr/5.4.0/../../../../avr/lib/avr5\libc.a(fputc.o)
                0x000024a2                fputc
 .text.avr-libc
                0x0000251a       0xbc d:/tung/programme data/ide/microchip studio/7.0/toolchain/avr8/avr8-gnu-toolchain/bin/../lib/gcc/avr/5.4.0/../../../../avr/lib/avr5\libc.a(ultoa_invert.o)
                0x0000251a                __ultoa_invert
                0x000025d6                . = ALIGN (0x2)
 *(.fini9)
 .fini9         0x000025d6        0x0 d:/tung/programme data/ide/microchip studio/7.0/toolchain/avr8/avr8-gnu-toolchain/bin/../lib/gcc/avr/5.4.0/avr5\libgcc.a(_exit.o)
                0x000025d6                _exit
                0x000025d6                exit
 *(.fini9)
 *(.fini8)
 *(.fini8)
 *(.fini7)
 *(.fini7)
 *(.fini6)
 *(.fini6)
 *(.fini5)
 *(.fini5)
 *(.fini4)
 *(.fini4)
 *(.fini3)
 *(.fini3)
 *(.fini2)
 *(.fini2)
 *(.fini1)
 *(.fini1)
 *(.fini0)
 .fini0         0x000025d6        0x4 d:/tung/programme data/ide/microchip studio/7.0/toolchain/avr8/avr8-gnu-toolchain/bin/../lib/gcc/avr/5.4.0/avr5\libgcc.a(_exit.o)
 *(.fini0)
                0x000025da                _etext = .

.data           0x00800100      0x15c load address 0x000025da
                0x00800100                PROVIDE (__data_start, .)
 *(.data)
 *(.data*)
 .data.tx_msg.2602
                0x00800100        0xa examples/simple_tx.o
 .data.config_options
                0x0080010a        0xe include/config_options.o
                0x0080010a                config_options
 .data.txconfig_options
                0x00800118        0x7 include/config_options.o
                0x00800118                txconfig_options
 .data.uart_str
                0x0080011f        0xe platform/UART.o
                0x0080011f                uart_str
 *(.gnu.linkonce.d*)
 *(.rodata)
 *(.rodata*)
 .rodata.str1.1
                0x0080012d       0x89 driver/deca_device_api.o
                                 0x8c (size before relaxing)
 .rodata.sts_length_factors
                0x008001b6        0xe driver/deca_device_api.o
                0x008001b6                sts_length_factors
 .rodata.str1.1
                0x008001c4       0x98 examples/simple_tx.o
 *(.gnu.linkonce.r*)
                0x0080025c                . = ALIGN (0x2)
                0x0080025c                _edata = .
                0x0080025c                PROVIDE (__data_end, .)

.bss            0x0080025c       0x34
                0x0080025c                PROVIDE (__bss_start, .)
 *(.bss)
 *(.bss*)
 .bss._ptr      0x0080025c       0x2e driver/deca_device_api.o
 *(COMMON)
 COMMON         0x0080028a        0x6 d:/tung/programme data/ide/microchip studio/7.0/toolchain/avr8/avr8-gnu-toolchain/bin/../lib/gcc/avr/5.4.0/../../../../avr/lib/avr5\libc.a(iob.o)
                0x0080028a                __iob
                0x00800290                PROVIDE (__bss_end, .)
                0x000025da                __data_load_start = LOADADDR (.data)
                0x00002736                __data_load_end = (__data_load_start + SIZEOF (.data))

.noinit         0x00800290        0x0
                [!provide]                PROVIDE (__noinit_start, .)
 *(.noinit*)
                [!provide]                PROVIDE (__noinit_end, .)
                0x00800290                _end = .
                [!provide]                PROVIDE (__heap_start, .)

.eeprom         0x00810000        0x0
 *(.eeprom*)
                0x00810000                __eeprom_end = .

.fuse
 *(.fuse)
 *(.lfuse)
 *(.hfuse)
 *(.efuse)

.lock
 *(.lock*)

.signature
 *(.signature*)

.user_signatures
 *(.user_signatures*)

.stab
 *(.stab)

.stabstr
 *(.stabstr)

.stab.excl
 *(.stab.excl)

.stab.exclstr
 *(.stab.exclstr)

.stab.index
 *(.stab.index)

.stab.indexstr
 *(.stab.indexstr)

.comment        0x00000000       0x5c
 *(.comment)
 .comment       0x00000000       0x30 driver/deca_device_api.o
                                 0x31 (size before relaxing)
 .comment       0x00000030       0x31 examples/simple_tx.o
 .comment       0x00000030       0x31 include/config_options.o
 .comment       0x00000030       0x31 main.o
 .comment       0x00000030       0x31 platform/port.o
 .comment       0x00000030       0x31 platform/UART.o
 .comment       0x00000030       0x31 src/ASF/mega/boards/atmega328pb_xplained_mini/init.o
 .comment       0x00000030       0x31 d:/tung/programme data/ide/microchip studio/7.0/toolchain/avr8/avr8-gnu-toolchain/bin/../lib/gcc/avr/5.4.0/../../../../avr/lib/avr5\libc.a(iob.o)
 .comment       0x00000030       0x31 d:/tung/programme data/ide/microchip studio/7.0/toolchain/avr8/avr8-gnu-toolchain/bin/../lib/gcc/avr/5.4.0/../../../../avr/lib/avr5\libc.a(printf.o)
 .comment       0x00000030       0x31 d:/tung/programme data/ide/microchip studio/7.0/toolchain/avr8/avr8-gnu-toolchain/bin/../lib/gcc/avr/5.4.0/../../../../avr/lib/avr5\libc.a(puts.o)
 .comment       0x00000030       0x2c d:/tung/programme data/ide/microchip studio/7.0/toolchain/avr8/avr8-gnu-toolchain/bin/../lib/gcc/avr/5.4.0/../../../../avr/lib/avr5\libc.a(vfprintf_std.o)
                                 0x2d (size before relaxing)
 .comment       0x0000005c       0x31 d:/tung/programme data/ide/microchip studio/7.0/toolchain/avr8/avr8-gnu-toolchain/bin/../lib/gcc/avr/5.4.0/../../../../avr/lib/avr5\libc.a(fputc.o)

.note.gnu.avr.deviceinfo
                0x00000000       0x40
 .note.gnu.avr.deviceinfo
                0x00000000       0x40 D:/Tung/Programme data/IDE/Microchip Studio/7.0/Packs/atmel/ATmega_DFP/1.7.374/gcc/dev/atmega328p/avr5/crtatmega328p.o

.note.gnu.build-id
 *(.note.gnu.build-id)

.debug
 *(.debug)

.line
 *(.line)

.debug_srcinfo
 *(.debug_srcinfo)

.debug_sfnames
 *(.debug_sfnames)

.debug_aranges  0x00000000      0x550
 *(.debug_aranges)
 .debug_aranges
                0x00000000      0x428 driver/deca_device_api.o
 .debug_aranges
                0x00000428       0x20 examples/simple_tx.o
 .debug_aranges
                0x00000448       0x18 include/config_options.o
 .debug_aranges
                0x00000460       0x20 main.o
 .debug_aranges
                0x00000480       0x80 platform/port.o
 .debug_aranges
                0x00000500       0x30 platform/UART.o
 .debug_aranges
                0x00000530       0x20 src/ASF/mega/boards/atmega328pb_xplained_mini/init.o

.debug_pubnames
 *(.debug_pubnames)

.debug_info     0x00000000     0xa14c
 *(.debug_info .gnu.linkonce.wi.*)
 .debug_info    0x00000000      0x5f4 D:/Tung/Programme data/IDE/Microchip Studio/7.0/Packs/atmel/ATmega_DFP/1.7.374/gcc/dev/atmega328p/avr5/crtatmega328p.o
 .debug_info    0x000005f4     0x880b driver/deca_device_api.o
 .debug_info    0x00008dff      0x53d examples/simple_tx.o
 .debug_info    0x0000933c      0x268 include/config_options.o
 .debug_info    0x000095a4      0x117 main.o
 .debug_info    0x000096bb      0x629 platform/port.o
 .debug_info    0x00009ce4      0x1e6 platform/UART.o
 .debug_info    0x00009eca      0x282 src/ASF/mega/boards/atmega328pb_xplained_mini/init.o

.debug_abbrev   0x00000000     0x10e8
 *(.debug_abbrev)
 .debug_abbrev  0x00000000      0x5a2 D:/Tung/Programme data/IDE/Microchip Studio/7.0/Packs/atmel/ATmega_DFP/1.7.374/gcc/dev/atmega328p/avr5/crtatmega328p.o
 .debug_abbrev  0x000005a2      0x44a driver/deca_device_api.o
 .debug_abbrev  0x000009ec      0x11e examples/simple_tx.o
 .debug_abbrev  0x00000b0a       0xab include/config_options.o
 .debug_abbrev  0x00000bb5       0x93 main.o
 .debug_abbrev  0x00000c48      0x1fc platform/port.o
 .debug_abbrev  0x00000e44      0x15b platform/UART.o
 .debug_abbrev  0x00000f9f      0x149 src/ASF/mega/boards/atmega328pb_xplained_mini/init.o

.debug_line     0x00000000     0x4568
 *(.debug_line .debug_line.* .debug_line_end)
 .debug_line    0x00000000      0x134 D:/Tung/Programme data/IDE/Microchip Studio/7.0/Packs/atmel/ATmega_DFP/1.7.374/gcc/dev/atmega328p/avr5/crtatmega328p.o
 .debug_line    0x00000134     0x28af driver/deca_device_api.o
 .debug_line    0x000029e3      0x484 examples/simple_tx.o
 .debug_line    0x00002e67      0x16a include/config_options.o
 .debug_line    0x00002fd1      0x63d main.o
 .debug_line    0x0000360e      0x69a platform/port.o
 .debug_line    0x00003ca8      0x432 platform/UART.o
 .debug_line    0x000040da      0x48e src/ASF/mega/boards/atmega328pb_xplained_mini/init.o

.debug_frame    0x00000000     0x127c
 *(.debug_frame)
 .debug_frame   0x00000000     0x1010 driver/deca_device_api.o
 .debug_frame   0x00001010       0x54 examples/simple_tx.o
 .debug_frame   0x00001064       0x24 main.o
 .debug_frame   0x00001088      0x180 platform/port.o
 .debug_frame   0x00001208       0x50 platform/UART.o
 .debug_frame   0x00001258       0x24 src/ASF/mega/boards/atmega328pb_xplained_mini/init.o

.debug_str      0x00000000    0x25117
 *(.debug_str)
 .debug_str     0x00000000      0x208 D:/Tung/Programme data/IDE/Microchip Studio/7.0/Packs/atmel/ATmega_DFP/1.7.374/gcc/dev/atmega328p/avr5/crtatmega328p.o
 .debug_str     0x00000208    0x1aec2 driver/deca_device_api.o
                              0x1b118 (size before relaxing)
 .debug_str     0x0001b0ca       0xf8 examples/simple_tx.o
                              0x1949e (size before relaxing)
 .debug_str     0x0001b1c2       0x5e include/config_options.o
                               0x52b6 (size before relaxing)
 .debug_str     0x0001b220     0x9c5b main.o
                              0x2305a (size before relaxing)
 .debug_str     0x00024e7b       0xf4 platform/port.o
                              0x19333 (size before relaxing)
 .debug_str     0x00024f6f       0x44 platform/UART.o
                              0x1920b (size before relaxing)
 .debug_str     0x00024fb3      0x164 src/ASF/mega/boards/atmega328pb_xplained_mini/init.o
                              0x10ab1 (size before relaxing)

.debug_loc      0x00000000     0x5be3
 *(.debug_loc)
 .debug_loc     0x00000000     0x53a6 driver/deca_device_api.o
 .debug_loc     0x000053a6       0xa4 examples/simple_tx.o
 .debug_loc     0x0000544a      0x6e5 platform/port.o
 .debug_loc     0x00005b2f       0x64 platform/UART.o
 .debug_loc     0x00005b93       0x50 src/ASF/mega/boards/atmega328pb_xplained_mini/init.o

.debug_macinfo
 *(.debug_macinfo)

.debug_weaknames
 *(.debug_weaknames)

.debug_funcnames
 *(.debug_funcnames)

.debug_typenames
 *(.debug_typenames)

.debug_varnames
 *(.debug_varnames)

.debug_pubtypes
 *(.debug_pubtypes)

.debug_ranges   0x00000000      0x508
 *(.debug_ranges)
 .debug_ranges  0x00000000      0x448 driver/deca_device_api.o
 .debug_ranges  0x00000448       0x10 examples/simple_tx.o
 .debug_ranges  0x00000458       0x10 main.o
 .debug_ranges  0x00000468       0x70 platform/port.o
 .debug_ranges  0x000004d8       0x20 platform/UART.o
 .debug_ranges  0x000004f8       0x10 src/ASF/mega/boards/atmega328pb_xplained_mini/init.o

.debug_macro    0x00000000     0x8a49
 *(.debug_macro)
 .debug_macro   0x00000000      0x23b driver/deca_device_api.o
 .debug_macro   0x0000023b      0xa54 driver/deca_device_api.o
 .debug_macro   0x00000c8f       0x1c driver/deca_device_api.o
 .debug_macro   0x00000cab      0x10e driver/deca_device_api.o
 .debug_macro   0x00000db9       0x66 driver/deca_device_api.o
 .debug_macro   0x00000e1f      0x1c9 driver/deca_device_api.o
 .debug_macro   0x00000fe8      0x302 driver/deca_device_api.o
 .debug_macro   0x000012ea       0x86 driver/deca_device_api.o
 .debug_macro   0x00001370      0x4e3 driver/deca_device_api.o
 .debug_macro   0x00001853     0x3450 driver/deca_device_api.o
 .debug_macro   0x00004ca3      0x60a driver/deca_device_api.o
 .debug_macro   0x000052ad       0x16 driver/deca_device_api.o
 .debug_macro   0x000052c3       0xaa driver/deca_device_api.o
 .debug_macro   0x0000536d     0x1411 driver/deca_device_api.o
 .debug_macro   0x0000677e      0x13a driver/deca_device_api.o
 .debug_macro   0x000068b8       0xbd driver/deca_device_api.o
 .debug_macro   0x00006975       0x34 driver/deca_device_api.o
 .debug_macro   0x000069a9       0x18 driver/deca_device_api.o
 .debug_macro   0x000069c1       0x6c driver/deca_device_api.o
 .debug_macro   0x00006a2d       0x10 driver/deca_device_api.o
 .debug_macro   0x00006a3d      0x160 driver/deca_device_api.o
 .debug_macro   0x00006b9d       0x2e driver/deca_device_api.o
 .debug_macro   0x00006bcb       0x58 driver/deca_device_api.o
 .debug_macro   0x00006c23       0x10 driver/deca_device_api.o
 .debug_macro   0x00006c33       0x35 driver/deca_device_api.o
 .debug_macro   0x00006c68       0xf2 driver/deca_device_api.o
 .debug_macro   0x00006d5a       0x40 driver/deca_device_api.o
 .debug_macro   0x00006d9a       0x52 driver/deca_device_api.o
 .debug_macro   0x00006dec       0xb3 driver/deca_device_api.o
 .debug_macro   0x00006e9f       0x22 driver/deca_device_api.o
 .debug_macro   0x00006ec1      0x180 examples/simple_tx.o
 .debug_macro   0x00007041       0x4f include/config_options.o
 .debug_macro   0x00007090      0x16d include/config_options.o
 .debug_macro   0x000071fd      0x25d main.o
 .debug_macro   0x0000745a      0x71d main.o
 .debug_macro   0x00007b77       0x22 main.o
 .debug_macro   0x00007b99       0x60 main.o
 .debug_macro   0x00007bf9       0x43 main.o
 .debug_macro   0x00007c3c       0x69 main.o
 .debug_macro   0x00007ca5       0x2b main.o
 .debug_macro   0x00007cd0       0x10 main.o
 .debug_macro   0x00007ce0       0xe2 main.o
 .debug_macro   0x00007dc2       0x40 main.o
 .debug_macro   0x00007e02      0x100 main.o
 .debug_macro   0x00007f02       0x56 main.o
 .debug_macro   0x00007f58       0x40 main.o
 .debug_macro   0x00007f98      0x2df main.o
 .debug_macro   0x00008277       0x1c main.o
 .debug_macro   0x00008293       0x58 main.o
 .debug_macro   0x000082eb      0x15e platform/port.o
 .debug_macro   0x00008449       0x3a platform/port.o
 .debug_macro   0x00008483      0x158 platform/UART.o
 .debug_macro   0x000085db      0x17f src/ASF/mega/boards/atmega328pb_xplained_mini/init.o
 .debug_macro   0x0000875a      0x2d9 src/ASF/mega/boards/atmega328pb_xplained_mini/init.o
 .debug_macro   0x00008a33       0x16 src/ASF/mega/boards/atmega328pb_xplained_mini/init.o
OUTPUT(DW3000.elf elf32-avr)
LOAD linker stubs
