Archive member included to satisfy reference by file (symbol)

d:/tung/programme data/ide/microchip studio/7.0/toolchain/avr8/avr8-gnu-toolchain/bin/../lib/gcc/avr/5.4.0/../../../../avr/lib/avr5\libm.a(addsf3.o)
                              examples/SS_TWR_RESPONDER.o (__subsf3)
d:/tung/programme data/ide/microchip studio/7.0/toolchain/avr8/avr8-gnu-toolchain/bin/../lib/gcc/avr/5.4.0/../../../../avr/lib/avr5\libm.a(addsf3x.o)
                              d:/tung/programme data/ide/microchip studio/7.0/toolchain/avr8/avr8-gnu-toolchain/bin/../lib/gcc/avr/5.4.0/../../../../avr/lib/avr5\libm.a(addsf3.o) (__addsf3x)
d:/tung/programme data/ide/microchip studio/7.0/toolchain/avr8/avr8-gnu-toolchain/bin/../lib/gcc/avr/5.4.0/../../../../avr/lib/avr5\libm.a(cmpsf2.o)
                              platform/port.o (__ltsf2)
d:/tung/programme data/ide/microchip studio/7.0/toolchain/avr8/avr8-gnu-toolchain/bin/../lib/gcc/avr/5.4.0/../../../../avr/lib/avr5\libm.a(divsf3.o)
                              driver/deca_device_api.o (__divsf3)
d:/tung/programme data/ide/microchip studio/7.0/toolchain/avr8/avr8-gnu-toolchain/bin/../lib/gcc/avr/5.4.0/../../../../avr/lib/avr5\libm.a(divsf3x.o)
                              d:/tung/programme data/ide/microchip studio/7.0/toolchain/avr8/avr8-gnu-toolchain/bin/../lib/gcc/avr/5.4.0/../../../../avr/lib/avr5\libm.a(divsf3.o) (__divsf3x)
d:/tung/programme data/ide/microchip studio/7.0/toolchain/avr8/avr8-gnu-toolchain/bin/../lib/gcc/avr/5.4.0/../../../../avr/lib/avr5\libm.a(fixsfdi.o)
                              examples/SS_TWR_RESPONDER.o (__fixsfdi)
d:/tung/programme data/ide/microchip studio/7.0/toolchain/avr8/avr8-gnu-toolchain/bin/../lib/gcc/avr/5.4.0/../../../../avr/lib/avr5\libm.a(fixsfsi.o)
                              driver/deca_device_api.o (__fixsfsi)
d:/tung/programme data/ide/microchip studio/7.0/toolchain/avr8/avr8-gnu-toolchain/bin/../lib/gcc/avr/5.4.0/../../../../avr/lib/avr5\libm.a(fixunssfsi.o)
                              platform/port.o (__fixunssfsi)
d:/tung/programme data/ide/microchip studio/7.0/toolchain/avr8/avr8-gnu-toolchain/bin/../lib/gcc/avr/5.4.0/../../../../avr/lib/avr5\libm.a(floatdisf.o)
                              examples/SS_TWR_RESPONDER.o (__floatdisf)
d:/tung/programme data/ide/microchip studio/7.0/toolchain/avr8/avr8-gnu-toolchain/bin/../lib/gcc/avr/5.4.0/../../../../avr/lib/avr5\libm.a(floatsisf.o)
                              driver/deca_device_api.o (__floatunsisf)
d:/tung/programme data/ide/microchip studio/7.0/toolchain/avr8/avr8-gnu-toolchain/bin/../lib/gcc/avr/5.4.0/../../../../avr/lib/avr5\libm.a(floatundisf.o)
                              d:/tung/programme data/ide/microchip studio/7.0/toolchain/avr8/avr8-gnu-toolchain/bin/../lib/gcc/avr/5.4.0/../../../../avr/lib/avr5\libm.a(floatdisf.o) (__fp_di2sf)
d:/tung/programme data/ide/microchip studio/7.0/toolchain/avr8/avr8-gnu-toolchain/bin/../lib/gcc/avr/5.4.0/../../../../avr/lib/avr5\libm.a(fp_cmp.o)
                              d:/tung/programme data/ide/microchip studio/7.0/toolchain/avr8/avr8-gnu-toolchain/bin/../lib/gcc/avr/5.4.0/../../../../avr/lib/avr5\libm.a(cmpsf2.o) (__fp_cmp)
d:/tung/programme data/ide/microchip studio/7.0/toolchain/avr8/avr8-gnu-toolchain/bin/../lib/gcc/avr/5.4.0/../../../../avr/lib/avr5\libm.a(fp_inf.o)
                              d:/tung/programme data/ide/microchip studio/7.0/toolchain/avr8/avr8-gnu-toolchain/bin/../lib/gcc/avr/5.4.0/../../../../avr/lib/avr5\libm.a(addsf3x.o) (__fp_inf)
d:/tung/programme data/ide/microchip studio/7.0/toolchain/avr8/avr8-gnu-toolchain/bin/../lib/gcc/avr/5.4.0/../../../../avr/lib/avr5\libm.a(fp_nan.o)
                              d:/tung/programme data/ide/microchip studio/7.0/toolchain/avr8/avr8-gnu-toolchain/bin/../lib/gcc/avr/5.4.0/../../../../avr/lib/avr5\libm.a(addsf3x.o) (__fp_nan)
d:/tung/programme data/ide/microchip studio/7.0/toolchain/avr8/avr8-gnu-toolchain/bin/../lib/gcc/avr/5.4.0/../../../../avr/lib/avr5\libm.a(fp_negdi.o)
                              d:/tung/programme data/ide/microchip studio/7.0/toolchain/avr8/avr8-gnu-toolchain/bin/../lib/gcc/avr/5.4.0/../../../../avr/lib/avr5\libm.a(fixsfdi.o) (__fp_negdi)
d:/tung/programme data/ide/microchip studio/7.0/toolchain/avr8/avr8-gnu-toolchain/bin/../lib/gcc/avr/5.4.0/../../../../avr/lib/avr5\libm.a(fp_pscA.o)
                              d:/tung/programme data/ide/microchip studio/7.0/toolchain/avr8/avr8-gnu-toolchain/bin/../lib/gcc/avr/5.4.0/../../../../avr/lib/avr5\libm.a(addsf3x.o) (__fp_pscA)
d:/tung/programme data/ide/microchip studio/7.0/toolchain/avr8/avr8-gnu-toolchain/bin/../lib/gcc/avr/5.4.0/../../../../avr/lib/avr5\libm.a(fp_pscB.o)
                              d:/tung/programme data/ide/microchip studio/7.0/toolchain/avr8/avr8-gnu-toolchain/bin/../lib/gcc/avr/5.4.0/../../../../avr/lib/avr5\libm.a(addsf3x.o) (__fp_pscB)
[...]
Memory Configuration

Name             Origin             Length             Attributes
text             0x00000000         0x00008000         xr
data             0x00800100         0x00000800         rw !x
eeprom           0x00810000         0x00000400         rw !x
fuse             0x00820000         0x00000003         rw !x
lock             0x00830000         0x00000400         rw !x
signature        0x00840000         0x00000400         rw !x
user_signatures  0x00850000         0x00000400         rw !x
*default*        0x00000000         0xffffffff

Linker script and memory map

Address of section .data set to 0x800100
LOAD D:/Tung/Programme data/IDE/Microchip Studio/7.0/Packs/atmel/ATmega_DFP/1.7.374/gcc/dev/atmega328p/avr5/crtatmega328p.o
LOAD driver/deca_device_api.o
LOAD examples/SS_TWR_RESPONDER.o
LOAD examples/SS_TWR_INITIATOR.o
LOAD examples/simple_rx.o
LOAD examples/simple_tx.o
LOAD include/config_options.o
LOAD include/shared_functions.o
LOAD main.o
LOAD platform/port.o
LOAD platform/UART.o
LOAD src/ASF/mega/boards/atmega328pb_xplained_mini/init.o
START GROUP
LOAD d:/tung/programme data/ide/microchip studio/7.0/toolchain/avr8/avr8-gnu-toolchain/bin/../lib/gcc/avr/5.4.0/../../../../avr/lib/avr5\libm.a
END GROUP
START GROUP
LOAD d:/tung/programme data/ide/microchip studio/7.0/toolchain/avr8/avr8-gnu-toolchain/bin/../lib/gcc/avr/5.4.0/avr5\libgcc.a
LOAD d:/tung/programme data/ide/microchip studio/7.0/toolchain/avr8/avr8-gnu-toolchain/bin/../lib/gcc/avr/5.4.0/../../../../avr/lib/avr5\libm.a
LOAD d:/tung/programme data/ide/microchip studio/7.0/toolchain/avr8/avr8-gnu-toolchain/bin/../lib/gcc/avr/5.4.0/../../../../avr/lib/avr5\libc.a
LOAD D:/Tung/Programme data/IDE/Microchip Studio/7.0/Packs/atmel/ATmega_DFP/1.7.374/gcc/dev/atmega328p/avr5\libatmega328p.a
END GROUP
                0x00000000                __TEXT_REGION_ORIGIN__ = DEFINED (__TEXT_REGION_ORIGIN__)?__TEXT_REGION_ORIGIN__:0x0
                [0x00800100]                __DATA_REGION_ORIGIN__ = DEFINED (__DATA_REGION_ORIGIN__)?__DATA_REGION_ORIGIN__:0x800060
                [0x00008000]                __TEXT_REGION_LENGTH__ = DEFINED (__TEXT_REGION_LENGTH__)?__TEXT_REGION_LENGTH__:0x20000
                [0x00000800]                __DATA_REGION_LENGTH__ = DEFINED (__DATA_REGION_LENGTH__)?__DATA_REGION_LENGTH__:0xffa0
                [0x00000400]                __EEPROM_REGION_LENGTH__ = DEFINED (__EEPROM_REGION_LENGTH__)?__EEPROM_REGION_LENGTH__:0x10000
                [0x00000003]                __FUSE_REGION_LENGTH__ = DEFINED (__FUSE_REGION_LENGTH__)?__FUSE_REGION_LENGTH__:0x400
                0x00000400                __LOCK_REGION_LENGTH__ = DEFINED (__LOCK_REGION_LENGTH__)?__LOCK_REGION_LENGTH__:0x400
                0x00000400                __SIGNATURE_REGION_LENGTH__ = DEFINED (__SIGNATURE_REGION_LENGTH__)?__SIGNATURE_REGION_LENGTH__:0x400
                0x00000400                __USER_SIGNATURE_REGION_LENGTH__ = DEFINED (__USER_SIGNATURE_REGION_LENGTH__)?__USER_SIGNATURE_REGION_LENGTH__:0x400

.hash
 *(.hash)

.dynsym
 *(.dynsym)

.dynstr
 *(.dynstr)

.gnu.version
 *(.gnu.version)

.gnu.version_d
 *(.gnu.version_d)

.gnu.version_r
 *(.gnu.version_r)

.rel.init
 *(.rel.init)

.rela.init
 *(.rela.init)

.rel.text
 *(.rel.text)
 *(.rel.text.*)
 *(.rel.gnu.linkonce.t*)

.rela.text
 *(.rela.text)
 *(.rela.text.*)
 *(.rela.gnu.linkonce.t*)

.rel.fini
 *(.rel.fini)

.rela.fini
 *(.rela.fini)

.rel.rodata
 *(.rel.rodata)
 *(.rel.rodata.*)
 *(.rel.gnu.linkonce.r*)

.rela.rodata
 *(.rela.rodata)
 *(.rela.rodata.*)
 *(.rela.gnu.linkonce.r*)

.rel.data
 *(.rel.data)
 *(.rel.data.*)
 *(.rel.gnu.linkonce.d*)

.rela.data
 *(.rela.data)
 *(.rela.data.*)
 *(.rela.gnu.linkonce.d*)

.rel.ctors
 *(.rel.ctors)

.rela.ctors
 *(.rela.ctors)

.rel.dtors
 *(.rel.dtors)

.rela.dtors
 *(.rela.dtors)

.rel.got
 *(.rel.got)

.rela.got
 *(.rela.got)

.rel.bss
 *(.rel.bss)

.rela.bss
 *(.rela.bss)

.rel.plt
 *(.rel.plt)

.rela.plt
 *(.rela.plt)

.text           0x00000000     0x2bfe
 *(.vectors)
 .vectors       0x00000000       0x68 D:/Tung/Programme data/IDE/Microchip Studio/7.0/Packs/atmel/ATmega_DFP/1.7.374/gcc/dev/atmega328p/avr5/crtatmega328p.o
                0x00000000                __vector_default
                0x00000000                __vectors
 *(.vectors)
 *(.progmem.gcc*)
                0x00000068                . = ALIGN (0x2)
                0x00000068                __trampolines_start = .
 *(.trampolines)
 .trampolines   0x00000068        0x0 linker stubs
 *(.trampolines*)
                0x00000068                __trampolines_end = .
 *libprintf_flt.a:*(.progmem.data)
 *libc.a:*(.progmem.data)
 *(.progmem*)
                0x00000068                . = ALIGN (0x2)
 *(.jumptables)
 *(.jumptables*)
 *(.lowtext)
 *(.lowtext*)
                0x00000068                __ctors_start = .
 *(.ctors)
                0x00000068                __ctors_end = .
                0x00000068                __dtors_start = .
 *(.dtors)
                0x00000068                __dtors_end = .
 SORT(*)(.ctors)
 SORT(*)(.dtors)
 *(.init0)
 .init0         0x00000068        0x0 D:/Tung/Programme data/IDE/Microchip Studio/7.0/Packs/atmel/ATmega_DFP/1.7.374/gcc/dev/atmega328p/avr5/crtatmega328p.o
                0x00000068                __init
 *(.init0)
 *(.init1)
 *(.init1)
 *(.init2)
 .init2         0x00000068        0xc D:/Tung/Programme data/IDE/Microchip Studio/7.0/Packs/atmel/ATmega_DFP/1.7.374/gcc/dev/atmega328p/avr5/crtatmega328p.o
 *(.init2)
 *(.init3)
 *(.init3)
 *(.init4)
 .init4         0x00000074       0x16 d:/tung/programme data/ide/microchip studio/7.0/toolchain/avr8/avr8-gnu-toolchain/bin/../lib/gcc/avr/5.4.0/avr5\libgcc.a(_copy_data.o)
                0x00000074                __do_copy_data
 .init4         0x0000008a       0x10 d:/tung/programme data/ide/microchip studio/7.0/toolchain/avr8/avr8-gnu-toolchain/bin/../lib/gcc/avr/5.4.0/avr5\libgcc.a(_clear_bss.o)
                0x0000008a                __do_clear_bss
 *(.init4)
 *(.init5)
 *(.init5)
 *(.init6)
 *(.init6)
 *(.init7)
 *(.init7)
 *(.init8)
 *(.init8)
 *(.init9)
 .init9         0x0000009a        0x8 D:/Tung/Programme data/IDE/Microchip Studio/7.0/Packs/atmel/ATmega_DFP/1.7.374/gcc/dev/atmega328p/avr5/crtatmega328p.o
 *(.init9)
 *(.text)
 .text          0x000000a2        0x2 D:/Tung/Programme data/IDE/Microchip Studio/7.0/Packs/atmel/ATmega_DFP/1.7.374/gcc/dev/atmega328p/avr5/crtatmega328p.o
                0x000000a2                __vector_22
                0x000000a2                __vector_1
                0x000000a2                __vector_24
                0x000000a2                __vector_12
                0x000000a2                __bad_interrupt
                0x000000a2                __vector_6
                0x000000a2                __vector_3
                0x000000a2                __vector_23
                0x000000a2                __vector_25
                0x000000a2                __vector_11
                0x000000a2                __vector_13
                0x000000a2                __vector_17
                0x000000a2                __vector_19
                0x000000a2                __vector_7
                0x000000a2                __vector_5
                0x000000a2                __vector_4
                0x000000a2                __vector_9
                0x000000a2                __vector_2
                0x000000a2                __vector_21
                0x000000a2                __vector_15
                0x000000a2                __vector_8
                0x000000a2                __vector_14
                0x000000a2                __vector_10
                0x000000a2                __vector_16
                0x000000a2                __vector_18
                0x000000a2                __vector_20
                0x000000a4                . = ALIGN (0x2)
 *(.text.*)
 .text.dwt_xfer3000
                0x000000a4      0x13a driver/deca_device_api.o
 .text.dwt_writetodevice
                0x000001de       0x1c driver/deca_device_api.o
                0x000001de                dwt_writetodevice
 .text.dwt_readfromdevice
                0x000001fa       0x18 driver/deca_device_api.o
                0x000001fa                dwt_readfromdevice
 .text.dwt_read32bitoffsetreg
                0x00000212       0x4a driver/deca_device_api.o
                0x00000212                dwt_read32bitoffsetreg
 .text.dwt_read16bitoffsetreg
                0x0000025c       0x2e driver/deca_device_api.o
                0x0000025c                dwt_read16bitoffsetreg
 .text.dwt_read8bitoffsetreg
                0x0000028a       0x22 driver/deca_device_api.o
                0x0000028a                dwt_read8bitoffsetreg
 .text.dwt_write32bitoffsetreg
                0x000002ac       0x28 driver/deca_device_api.o
                0x000002ac                dwt_write32bitoffsetreg
 .text.dwt_disable_rftx_blocks
                0x000002d4       0x1e driver/deca_device_api.o
 .text.dwt_write16bitoffsetreg
                0x000002f2       0x24 driver/deca_device_api.o
                0x000002f2                dwt_write16bitoffsetreg
 .text._dwt_otpread
                0x00000316       0x4e driver/deca_device_api.o
 .text.dwt_force_clocks
                0x00000364       0x32 driver/deca_device_api.o
 .text.dwt_write8bitoffsetreg
                0x00000396       0x22 driver/deca_device_api.o
                0x00000396                dwt_write8bitoffsetreg
 .text.dwt_modify32bitoffsetreg
                0x000003b8       0x3c driver/deca_device_api.o
                0x000003b8                dwt_modify32bitoffsetreg
 .text._dwt_kick_dgc_on_wakeup
                0x000003f4       0x66 driver/deca_device_api.o
 .text.dwt_enable_rf_tx
                0x0000045a       0xe2 driver/deca_device_api.o
 .text.dwt_enable_rftx_blocks
                0x0000053c       0x78 driver/deca_device_api.o
 .text.dwt_modify16bitoffsetreg
                0x000005b4       0x32 driver/deca_device_api.o
                0x000005b4                dwt_modify16bitoffsetreg
 .text._dwt_prog_ldo_and_bias_tune
                0x000005e6       0x38 driver/deca_device_api.o
 .text.dwt_modify8bitoffsetreg
                0x0000061e       0x2e driver/deca_device_api.o
                0x0000061e                dwt_modify8bitoffsetreg
 .text.dwt_setdwstate
                0x0000064c       0xcc driver/deca_device_api.o
                0x0000064c                dwt_setdwstate
 .text.dwt_setlnapamode
                0x00000718       0x42 driver/deca_device_api.o
                0x00000718                dwt_setlnapamode
 .text.dwt_readdevid
                0x0000075a        0xe driver/deca_device_api.o
                0x0000075a                dwt_readdevid
 .text.dwt_configmrxlut
                0x00000768      0x1a0 driver/deca_device_api.o
                0x00000768                dwt_configmrxlut
 .text.dwt_run_pgfcal
                0x00000908      0x10c driver/deca_device_api.o
                0x00000908                dwt_run_pgfcal
 .text.dwt_pgf_cal
                0x00000a14       0x64 driver/deca_device_api.o
                0x00000a14                dwt_pgf_cal
 .text.dwt_setrxantennadelay
                0x00000a78       0x12 driver/deca_device_api.o
                0x00000a78                dwt_setrxantennadelay
 .text.dwt_settxantennadelay
                0x00000a8a       0x12 driver/deca_device_api.o
                0x00000a8a                dwt_settxantennadelay
 .text.dwt_writetxdata
                0x00000a9c       0x88 driver/deca_device_api.o
                0x00000a9c                dwt_writetxdata
 .text.dwt_writetxfctrl
                0x00000b24       0xda driver/deca_device_api.o
                0x00000b24                dwt_writetxfctrl
 .text.dwt_setplenfine
                0x00000bfe       0x12 driver/deca_device_api.o
                0x00000bfe                dwt_setplenfine
 .text.dwt_configure
                0x00000c10      0x5fa driver/deca_device_api.o
                0x00000c10                dwt_configure
 .text.dwt_readrxdata
                0x0000120a       0x90 driver/deca_device_api.o
                0x0000120a                dwt_readrxdata
 .text.dwt_readtxtimestamp
                0x0000129a       0x20 driver/deca_device_api.o
                0x0000129a                dwt_readtxtimestamp
 .text.dwt_readrxtimestamp
                0x000012ba       0x58 driver/deca_device_api.o
                0x000012ba                dwt_readrxtimestamp
 .text.dwt_clearaonconfig
                0x00001312       0x46 driver/deca_device_api.o
                0x00001312                dwt_clearaonconfig
 .text.dwt_check_dev_id
                0x00001358       0x5c driver/deca_device_api.o
                0x00001358                dwt_check_dev_id
 .text.dwt_initialise
                0x000013b4      0x17c driver/deca_device_api.o
                0x000013b4                dwt_initialise
 .text.dwt_setrxaftertxdelay
                0x00001530       0x58 driver/deca_device_api.o
                0x00001530                dwt_setrxaftertxdelay
 .text.dwt_checkidlerc
                0x00001588       0x16 driver/deca_device_api.o
                0x00001588                dwt_checkidlerc
 .text.dwt_setleds
                0x0000159e       0xf4 driver/deca_device_api.o
                0x0000159e                dwt_setleds
 .text.dwt_setdelayedtrxtime
                0x00001692       0x1e driver/deca_device_api.o
                0x00001692                dwt_setdelayedtrxtime
 .text.dwt_starttx
                0x000016b0      0x1f0 driver/deca_device_api.o
                0x000016b0                dwt_starttx
 .text.dwt_setrxtimeout
                0x000018a0       0x5a driver/deca_device_api.o
                0x000018a0                dwt_setrxtimeout
 .text.dwt_setpreambledetecttimeout
                0x000018fa       0x14 driver/deca_device_api.o
                0x000018fa                dwt_setpreambledetecttimeout
 .text.dwt_softreset
                0x0000190e       0x42 driver/deca_device_api.o
                0x0000190e                dwt_softreset
 .text.dwt_calcbandwidthadj
                0x00001950       0xbc driver/deca_device_api.o
                0x00001950                dwt_calcbandwidthadj
 .text.dwt_configuretxrf
                0x00001a0c       0x68 driver/deca_device_api.o
                0x00001a0c                dwt_configuretxrf
 .text.ds_twr_initiator
                0x00001a74      0x352 examples/SS_TWR_INITIATOR.o
                0x00001a74                ds_twr_initiator
 .text.get_tx_timestamp_u64
                0x00001dc6       0x3e include/shared_functions.o
                0x00001dc6                get_tx_timestamp_u64
 .text.get_rx_timestamp_u64
                0x00001e04       0x3e include/shared_functions.o
                0x00001e04                get_rx_timestamp_u64
 .text.final_msg_set_ts
                0x00001e42       0x4e include/shared_functions.o
                0x00001e42                final_msg_set_ts
 .text.main     0x00001e90       0x18 main.o
                0x00001e90                main
 .text.sleepms  0x00001ea8       0x90 platform/port.o
                0x00001ea8                sleepms
 .text.sleepus  0x00001f38      0x12e platform/port.o
                0x00001f38                sleepus
 .text.deca_sleep
                0x00002066        0xc platform/port.o
                0x00002066                deca_sleep
 .text.deca_usleep
                0x00002072        0xc platform/port.o
                0x00002072                deca_usleep
 .text.spi_init
                0x0000207e       0x14 platform/port.o
                0x0000207e                spi_init
 .text.open_spi
                0x00002092        0x4 platform/port.o
                0x00002092                open_spi
 .text.close_spi
                0x00002096        0x4 platform/port.o
                0x00002096                close_spi
 .text.spi_tranceiver
                0x0000209a       0x16 platform/port.o
                0x0000209a                spi_tranceiver
 .text.readfromspi
                0x000020b0       0x5e platform/port.o
                0x000020b0                readfromspi
 .text.writetospi
                0x0000210e       0x5c platform/port.o
                0x0000210e                writetospi
 .text.port_set_dw_ic_spi_slowrate
                0x0000216a        0x8 platform/port.o
                0x0000216a                port_set_dw_ic_spi_slowrate
 .text.port_set_dw_ic_spi_fastrate
                0x00002172        0x8 platform/port.o
                0x00002172                port_set_dw_ic_spi_fastrate
 .text.UART_putc
                0x0000217a       0x12 platform/UART.o
                0x0000217a                UART_putc
 .text.uart_init
                0x0000218c       0x2e platform/UART.o
                0x0000218c                uart_init
 .text.UART_puts
                0x000021ba       0x1c platform/UART.o
                0x000021ba                UART_puts
 .text.board_init
                0x000021d6       0x12 src/ASF/mega/boards/atmega328pb_xplained_mini/init.o
                0x000021d6                board_init
 .text.avr-libc.fplib
                0x000021e8        0x8 d:/tung/programme data/ide/microchip studio/7.0/toolchain/avr8/avr8-gnu-toolchain/bin/../lib/gcc/avr/5.4.0/../../../../avr/lib/avr5\libm.a(cmpsf2.o)
                0x000021e8                __nesf2
                0x000021e8                __eqsf2
                0x000021e8                __cmpsf2
                0x000021e8                __ltsf2
                0x000021e8                __lesf2
 .text.avr-libc.fplib
                0x000021f0        0x4 d:/tung/programme data/ide/microchip studio/7.0/toolchain/avr8/avr8-gnu-toolchain/bin/../lib/gcc/avr/5.4.0/../../../../avr/lib/avr5\libm.a(divsf3.o)
                0x000021f0                __divsf3
 .text.avr-libc.fplib
                0x000021f4       0xcc d:/tung/programme data/ide/microchip studio/7.0/toolchain/avr8/avr8-gnu-toolchain/bin/../lib/gcc/avr/5.4.0/../../../../avr/lib/avr5\libm.a(divsf3x.o)
                0x0000220a                __divsf3x
                0x0000220e                __divsf3_pse
 .text.avr-libc.fplib
                0x000022c0        0xa d:/tung/programme data/ide/microchip studio/7.0/toolchain/avr8/avr8-gnu-toolchain/bin/../lib/gcc/avr/5.4.0/../../../../avr/lib/avr5\libm.a(fixsfsi.o)
                0x000022c0                __fixsfsi
 .text.avr-libc.fplib
                0x000022ca       0x58 d:/tung/programme data/ide/microchip studio/7.0/toolchain/avr8/avr8-gnu-toolchain/bin/../lib/gcc/avr/5.4.0/../../../../avr/lib/avr5\libm.a(fixunssfsi.o)
                0x000022ca                __fixunssfsi
 .text.avr-libc.fplib
                0x00002322       0x7a d:/tung/programme data/ide/microchip studio/7.0/toolchain/avr8/avr8-gnu-toolchain/bin/../lib/gcc/avr/5.4.0/../../../../avr/lib/avr5\libm.a(floatsisf.o)
                0x00002322                __floatunsisf
                0x00002326                __floatsisf
 .text.avr-libc.fplib
                0x0000239c       0x48 d:/tung/programme data/ide/microchip studio/7.0/toolchain/avr8/avr8-gnu-toolchain/bin/../lib/gcc/avr/5.4.0/../../../../avr/lib/avr5\libm.a(fp_cmp.o)
                0x0000239c                __fp_cmp
 .text.avr-libc.fplib
                0x000023e4        0xc d:/tung/programme data/ide/microchip studio/7.0/toolchain/avr8/avr8-gnu-toolchain/bin/../lib/gcc/avr/5.4.0/../../../../avr/lib/avr5\libm.a(fp_inf.o)
                0x000023e4                __fp_inf
 .text.avr-libc.fplib
                0x000023f0        0x6 d:/tung/programme data/ide/microchip studio/7.0/toolchain/avr8/avr8-gnu-toolchain/bin/../lib/gcc/avr/5.4.0/../../../../avr/lib/avr5\libm.a(fp_nan.o)
                0x000023f0                __fp_nan
 .text.avr-libc.fplib
                0x000023f6        0xe d:/tung/programme data/ide/microchip studio/7.0/toolchain/avr8/avr8-gnu-toolchain/bin/../lib/gcc/avr/5.4.0/../../../../avr/lib/avr5\libm.a(fp_pscA.o)
                0x000023f6                __fp_pscA
 .text.avr-libc.fplib
                0x00002404        0xe d:/tung/programme data/ide/microchip studio/7.0/toolchain/avr8/avr8-gnu-toolchain/bin/../lib/gcc/avr/5.4.0/../../../../avr/lib/avr5\libm.a(fp_pscB.o)
                0x00002404                __fp_pscB
 .text.avr-libc.fplib
                0x00002412       0x22 d:/tung/programme data/ide/microchip studio/7.0/toolchain/avr8/avr8-gnu-toolchain/bin/../lib/gcc/avr/5.4.0/../../../../avr/lib/avr5\libm.a(fp_round.o)
                0x00002412                __fp_round
 .text.avr-libc.fplib
                0x00002434       0x44 d:/tung/programme data/ide/microchip studio/7.0/toolchain/avr8/avr8-gnu-toolchain/bin/../lib/gcc/avr/5.4.0/../../../../avr/lib/avr5\libm.a(fp_split3.o)
                0x00002434                __fp_split3
                0x00002444                __fp_splitA
 .text.avr-libc.fplib
                0x00002478        0xe d:/tung/programme data/ide/microchip studio/7.0/toolchain/avr8/avr8-gnu-toolchain/bin/../lib/gcc/avr/5.4.0/../../../../avr/lib/avr5\libm.a(fp_zero.o)
                0x00002478                __fp_zero
                0x0000247a                __fp_szero
 .text.avr-libc.fplib
                0x00002486        0x8 d:/tung/programme data/ide/microchip studio/7.0/toolchain/avr8/avr8-gnu-toolchain/bin/../lib/gcc/avr/5.4.0/../../../../avr/lib/avr5\libm.a(gesf2.o)
                0x00002486                __gesf2
                0x00002486                __gtsf2
 .text.avr-libc.fplib
                0x0000248e        0x4 d:/tung/programme data/ide/microchip studio/7.0/toolchain/avr8/avr8-gnu-toolchain/bin/../lib/gcc/avr/5.4.0/../../../../avr/lib/avr5\libm.a(mulsf3.o)
                0x0000248e                __mulsf3
 .text.avr-libc.fplib
                0x00002492       0xc2 d:/tung/programme data/ide/microchip studio/7.0/toolchain/avr8/avr8-gnu-toolchain/bin/../lib/gcc/avr/5.4.0/../../../../avr/lib/avr5\libm.a(mulsf3x.o)
                0x000024a6                __mulsf3x
                0x000024aa                __mulsf3_pse
 .text.libgcc.mul
                0x00002554       0x1e d:/tung/programme data/ide/microchip studio/7.0/toolchain/avr8/avr8-gnu-toolchain/bin/../lib/gcc/avr/5.4.0/avr5\libgcc.a(_umulhisi3.o)
                0x00002554                __umulhisi3
 .text.libgcc.prologue
                0x00002572       0x38 d:/tung/programme data/ide/microchip studio/7.0/toolchain/avr8/avr8-gnu-toolchain/bin/../lib/gcc/avr/5.4.0/avr5\libgcc.a(_prologue.o)
                0x00002572                __prologue_saves__
 .text.libgcc.prologue
                0x000025aa       0x36 d:/tung/programme data/ide/microchip studio/7.0/toolchain/avr8/avr8-gnu-toolchain/bin/../lib/gcc/avr/5.4.0/avr5\libgcc.a(_epilogue.o)
                0x000025aa                __epilogue_restores__
 .text.libgcc.builtins
                0x000025e0       0x32 d:/tung/programme data/ide/microchip studio/7.0/toolchain/avr8/avr8-gnu-toolchain/bin/../lib/gcc/avr/5.4.0/avr5\libgcc.a(_ashldi3.o)
                0x000025e0                __ashldi3
 .text.libgcc.builtins
                0x00002612       0x3c d:/tung/programme data/ide/microchip studio/7.0/toolchain/avr8/avr8-gnu-toolchain/bin/../lib/gcc/avr/5.4.0/avr5\libgcc.a(_ashrdi3.o)
                0x00002612                __ashrdi3
                0x00002616                __lshrdi3
 .text.avr-libc
                0x0000264e        0x8 d:/tung/programme data/ide/microchip studio/7.0/toolchain/avr8/avr8-gnu-toolchain/bin/../lib/gcc/avr/5.4.0/../../../../avr/lib/avr5\libc.a(abort.o)
                0x0000264e                abort
 .text.avr-libc
                0x00002656       0x1a d:/tung/programme data/ide/microchip studio/7.0/toolchain/avr8/avr8-gnu-toolchain/bin/../lib/gcc/avr/5.4.0/../../../../avr/lib/avr5\libc.a(memcmp.o)
                0x00002656                memcmp
 .text.avr-libc
                0x00002670       0x26 d:/tung/programme data/ide/microchip studio/7.0/toolchain/avr8/avr8-gnu-toolchain/bin/../lib/gcc/avr/5.4.0/../../../../avr/lib/avr5\libc.a(printf.o)
                0x00002670                printf
 .text.avr-libc
                0x00002696       0x60 d:/tung/programme data/ide/microchip studio/7.0/toolchain/avr8/avr8-gnu-toolchain/bin/../lib/gcc/avr/5.4.0/../../../../avr/lib/avr5\libc.a(puts.o)
                0x00002696                puts
 .text.avr-libc
                0x000026f6      0x3a4 d:/tung/programme data/ide/microchip studio/7.0/toolchain/avr8/avr8-gnu-toolchain/bin/../lib/gcc/avr/5.4.0/../../../../avr/lib/avr5\libc.a(vfprintf_std.o)
                0x000026f6                vfprintf
 .text.avr-libc
                0x00002a9a       0x16 d:/tung/programme data/ide/microchip studio/7.0/toolchain/avr8/avr8-gnu-toolchain/bin/../lib/gcc/avr/5.4.0/../../../../avr/lib/avr5\libc.a(strnlen_P.o)
                0x00002a9a                strnlen_P
 .text.avr-libc
                0x00002ab0       0x16 d:/tung/programme data/ide/microchip studio/7.0/toolchain/avr8/avr8-gnu-toolchain/bin/../lib/gcc/avr/5.4.0/../../../../avr/lib/avr5\libc.a(strnlen.o)
                0x00002ab0                strnlen
 .text.avr-libc
                0x00002ac6       0x78 d:/tung/programme data/ide/microchip studio/7.0/toolchain/avr8/avr8-gnu-toolchain/bin/../lib/gcc/avr/5.4.0/../../../../avr/lib/avr5\libc.a(fputc.o)
                0x00002ac6                fputc
 .text.avr-libc
                0x00002b3e       0xbc d:/tung/programme data/ide/microchip studio/7.0/toolchain/avr8/avr8-gnu-toolchain/bin/../lib/gcc/avr/5.4.0/../../../../avr/lib/avr5\libc.a(ultoa_invert.o)
                0x00002b3e                __ultoa_invert
                0x00002bfa                . = ALIGN (0x2)
 *(.fini9)
 .fini9         0x00002bfa        0x0 d:/tung/programme data/ide/microchip studio/7.0/toolchain/avr8/avr8-gnu-toolchain/bin/../lib/gcc/avr/5.4.0/avr5\libgcc.a(_exit.o)
                0x00002bfa                _exit
                0x00002bfa                exit
 *(.fini9)
 *(.fini8)
 *(.fini8)
 *(.fini7)
 *(.fini7)
 *(.fini6)
 *(.fini6)
 *(.fini5)
 *(.fini5)
 *(.fini4)
 *(.fini4)
 *(.fini3)
 *(.fini3)
 *(.fini2)
 *(.fini2)
 *(.fini1)
 *(.fini1)
 *(.fini0)
 .fini0         0x00002bfa        0x4 d:/tung/programme data/ide/microchip studio/7.0/toolchain/avr8/avr8-gnu-toolchain/bin/../lib/gcc/avr/5.4.0/avr5\libgcc.a(_exit.o)
 *(.fini0)
                0x00002bfe                _etext = .

.data           0x00800100      0x1b2 load address 0x00002bfe
                0x00800100                PROVIDE (__data_start, .)
 *(.data)
 *(.data*)
 .data.tx_final_msg
                0x00800100       0x16 examples/SS_TWR_INITIATOR.o
 .data.rx_resp_msg
                0x00800116        0xd examples/SS_TWR_INITIATOR.o
 .data.tx_poll_msg
                0x00800123        0xa examples/SS_TWR_INITIATOR.o
 .data.config   0x0080012d        0xe examples/SS_TWR_INITIATOR.o
 .data.txconfig_options
                0x0080013b        0x7 include/config_options.o
                0x0080013b                txconfig_options
 .data.uart_str
                0x00800142        0xe platform/UART.o
                0x00800142                uart_str
 *(.gnu.linkonce.d*)
 *(.rodata)
 *(.rodata*)
 .rodata.str1.1
                0x00800150       0x89 driver/deca_device_api.o
                                 0x8c (size before relaxing)
 .rodata.sts_length_factors
                0x008001d9        0xe driver/deca_device_api.o
                0x008001d9                sts_length_factors
 .rodata.str1.1
                0x008001e7       0xca examples/SS_TWR_INITIATOR.o
 *(.gnu.linkonce.r*)
                0x008002b2                . = ALIGN (0x2)
 *fill*         0x008002b1        0x1 
                0x008002b2                _edata = .
                0x008002b2                PROVIDE (__data_end, .)

.bss            0x008002b2       0x65
                0x008002b2                PROVIDE (__bss_start, .)
 *(.bss)
 *(.bss*)
 .bss._ptr      0x008002b2       0x2e driver/deca_device_api.o
 .bss.final_tx_ts
                0x008002e0        0x8 examples/SS_TWR_INITIATOR.o
 .bss.resp_rx_ts
                0x008002e8        0x8 examples/SS_TWR_INITIATOR.o
 .bss.poll_tx_ts
                0x008002f0        0x8 examples/SS_TWR_INITIATOR.o
 .bss.status_reg
                0x008002f8        0x4 examples/SS_TWR_INITIATOR.o
 .bss.rx_buffer
                0x008002fc       0x14 examples/SS_TWR_INITIATOR.o
 .bss.frame_seq_nb
                0x00800310        0x1 examples/SS_TWR_INITIATOR.o
 *(COMMON)
 COMMON         0x00800311        0x6 d:/tung/programme data/ide/microchip studio/7.0/toolchain/avr8/avr8-gnu-toolchain/bin/../lib/gcc/avr/5.4.0/../../../../avr/lib/avr5\libc.a(iob.o)
                0x00800311                __iob
                0x00800317                PROVIDE (__bss_end, .)
                0x00002bfe                __data_load_start = LOADADDR (.data)
                0x00002db0                __data_load_end = (__data_load_start + SIZEOF (.data))

.noinit         0x00800317        0x0
                [!provide]                PROVIDE (__noinit_start, .)
 *(.noinit*)
                [!provide]                PROVIDE (__noinit_end, .)
                0x00800317                _end = .
                [!provide]                PROVIDE (__heap_start, .)

.eeprom         0x00810000        0x0
 *(.eeprom*)
                0x00810000                __eeprom_end = .

.fuse
 *(.fuse)
 *(.lfuse)
 *(.hfuse)
 *(.efuse)

.lock
 *(.lock*)

.signature
 *(.signature*)

.user_signatures
 *(.user_signatures*)

.stab
 *(.stab)

.stabstr
 *(.stabstr)

.stab.excl
 *(.stab.excl)

.stab.exclstr
 *(.stab.exclstr)

.stab.index
 *(.stab.index)

.stab.indexstr
 *(.stab.indexstr)

.comment        0x00000000       0x5c
 *(.comment)
 .comment       0x00000000       0x30 driver/deca_device_api.o
                                 0x31 (size before relaxing)
 .comment       0x00000030       0x31 examples/SS_TWR_INITIATOR.o
 .comment       0x00000030       0x31 include/config_options.o
 .comment       0x00000030       0x31 include/shared_functions.o
 .comment       0x00000030       0x31 main.o
 .comment       0x00000030       0x31 platform/port.o
 .comment       0x00000030       0x31 platform/UART.o
 .comment       0x00000030       0x31 src/ASF/mega/boards/atmega328pb_xplained_mini/init.o
 .comment       0x00000030       0x31 d:/tung/programme data/ide/microchip studio/7.0/toolchain/avr8/avr8-gnu-toolchain/bin/../lib/gcc/avr/5.4.0/../../../../avr/lib/avr5\libc.a(iob.o)
 .comment       0x00000030       0x31 d:/tung/programme data/ide/microchip studio/7.0/toolchain/avr8/avr8-gnu-toolchain/bin/../lib/gcc/avr/5.4.0/../../../../avr/lib/avr5\libc.a(printf.o)
 .comment       0x00000030       0x31 d:/tung/programme data/ide/microchip studio/7.0/toolchain/avr8/avr8-gnu-toolchain/bin/../lib/gcc/avr/5.4.0/../../../../avr/lib/avr5\libc.a(puts.o)
 .comment       0x00000030       0x2c d:/tung/programme data/ide/microchip studio/7.0/toolchain/avr8/avr8-gnu-toolchain/bin/../lib/gcc/avr/5.4.0/../../../../avr/lib/avr5\libc.a(vfprintf_std.o)
                                 0x2d (size before relaxing)
 .comment       0x0000005c       0x31 d:/tung/programme data/ide/microchip studio/7.0/toolchain/avr8/avr8-gnu-toolchain/bin/../lib/gcc/avr/5.4.0/../../../../avr/lib/avr5\libc.a(fputc.o)

.note.gnu.avr.deviceinfo
                0x00000000       0x40
 .note.gnu.avr.deviceinfo
                0x00000000       0x40 D:/Tung/Programme data/IDE/Microchip Studio/7.0/Packs/atmel/ATmega_DFP/1.7.374/gcc/dev/atmega328p/avr5/crtatmega328p.o

.note.gnu.build-id
 *(.note.gnu.build-id)

.debug
 *(.debug)

.line
 *(.line)

.debug_srcinfo
 *(.debug_srcinfo)

.debug_sfnames
 *(.debug_sfnames)

.debug_aranges  0x00000000      0x5c8
 *(.debug_aranges)
 .debug_aranges
                0x00000000      0x428 driver/deca_device_api.o
 .debug_aranges
                0x00000428       0x20 examples/SS_TWR_INITIATOR.o
 .debug_aranges
                0x00000448       0x18 include/config_options.o
 .debug_aranges
                0x00000460       0x78 include/shared_functions.o
 .debug_aranges
                0x000004d8       0x20 main.o
 .debug_aranges
                0x000004f8       0x80 platform/port.o
 .debug_aranges
                0x00000578       0x30 platform/UART.o
 .debug_aranges
                0x000005a8       0x20 src/ASF/mega/boards/atmega328pb_xplained_mini/init.o

.debug_pubnames
 *(.debug_pubnames)

.debug_info     0x00000000     0xac1d
 *(.debug_info .gnu.linkonce.wi.*)
 .debug_info    0x00000000      0x5f4 D:/Tung/Programme data/IDE/Microchip Studio/7.0/Packs/atmel/ATmega_DFP/1.7.374/gcc/dev/atmega328p/avr5/crtatmega328p.o
 .debug_info    0x000005f4     0x880b driver/deca_device_api.o
 .debug_info    0x00008dff      0x9b8 examples/SS_TWR_INITIATOR.o
 .debug_info    0x000097b7      0x268 include/config_options.o
 .debug_info    0x00009a1f      0x648 include/shared_functions.o
 .debug_info    0x0000a067      0x125 main.o
 .debug_info    0x0000a18c      0x629 platform/port.o
 .debug_info    0x0000a7b5      0x1e6 platform/UART.o
 .debug_info    0x0000a99b      0x282 src/ASF/mega/boards/atmega328pb_xplained_mini/init.o

.debug_abbrev   0x00000000     0x1344
 *(.debug_abbrev)
 .debug_abbrev  0x00000000      0x5a2 D:/Tung/Programme data/IDE/Microchip Studio/7.0/Packs/atmel/ATmega_DFP/1.7.374/gcc/dev/atmega328p/avr5/crtatmega328p.o
 .debug_abbrev  0x000005a2      0x44a driver/deca_device_api.o
 .debug_abbrev  0x000009ec      0x167 examples/SS_TWR_INITIATOR.o
 .debug_abbrev  0x00000b53       0xab include/config_options.o
 .debug_abbrev  0x00000bfe      0x200 include/shared_functions.o
 .debug_abbrev  0x00000dfe       0xa6 main.o
 .debug_abbrev  0x00000ea4      0x1fc platform/port.o
 .debug_abbrev  0x000010a0      0x15b platform/UART.o
 .debug_abbrev  0x000011fb      0x149 src/ASF/mega/boards/atmega328pb_xplained_mini/init.o

.debug_line     0x00000000     0x4dd5
 *(.debug_line .debug_line.* .debug_line_end)
 .debug_line    0x00000000      0x134 D:/Tung/Programme data/IDE/Microchip Studio/7.0/Packs/atmel/ATmega_DFP/1.7.374/gcc/dev/atmega328p/avr5/crtatmega328p.o
 .debug_line    0x00000134     0x28af driver/deca_device_api.o
 .debug_line    0x000029e3      0x58c examples/SS_TWR_INITIATOR.o
 .debug_line    0x00002f6f      0x16a include/config_options.o
 .debug_line    0x000030d9      0x76d include/shared_functions.o
 .debug_line    0x00003846      0x635 main.o
 .debug_line    0x00003e7b      0x69a platform/port.o
 .debug_line    0x00004515      0x432 platform/UART.o
 .debug_line    0x00004947      0x48e src/ASF/mega/boards/atmega328pb_xplained_mini/init.o

.debug_frame    0x00000000     0x1420
 *(.debug_frame)
 .debug_frame   0x00000000     0x1010 driver/deca_device_api.o
 .debug_frame   0x00001010       0x4c examples/SS_TWR_INITIATOR.o
 .debug_frame   0x0000105c      0x1ac include/shared_functions.o
 .debug_frame   0x00001208       0x24 main.o
 .debug_frame   0x0000122c      0x180 platform/port.o
 .debug_frame   0x000013ac       0x50 platform/UART.o
 .debug_frame   0x000013fc       0x24 src/ASF/mega/boards/atmega328pb_xplained_mini/init.o

.debug_str      0x00000000    0x25535
 *(.debug_str)
 .debug_str     0x00000000      0x208 D:/Tung/Programme data/IDE/Microchip Studio/7.0/Packs/atmel/ATmega_DFP/1.7.374/gcc/dev/atmega328p/avr5/crtatmega328p.o
 .debug_str     0x00000208    0x1aeb5 driver/deca_device_api.o
                              0x1b118 (size before relaxing)
 .debug_str     0x0001b0bd      0x41f examples/SS_TWR_INITIATOR.o
                              0x1989f (size before relaxing)
 .debug_str     0x0001b4dc       0x5e include/config_options.o
                               0x52b6 (size before relaxing)
 .debug_str     0x0001b53a      0x100 include/shared_functions.o
                              0x194af (size before relaxing)
 .debug_str     0x0001b63a     0x9c5f main.o
                              0x2306c (size before relaxing)
 .debug_str     0x00025299       0xf4 platform/port.o
                              0x19333 (size before relaxing)
 .debug_str     0x0002538d       0x44 platform/UART.o
                              0x1920b (size before relaxing)
 .debug_str     0x000253d1      0x164 src/ASF/mega/boards/atmega328pb_xplained_mini/init.o
                              0x10ab1 (size before relaxing)

.debug_loc      0x00000000     0x65ee
 *(.debug_loc)
 .debug_loc     0x00000000     0x53a6 driver/deca_device_api.o
 .debug_loc     0x000053a6       0x7a examples/SS_TWR_INITIATOR.o
 .debug_loc     0x00005420      0xa35 include/shared_functions.o
 .debug_loc     0x00005e55      0x6e5 platform/port.o
 .debug_loc     0x0000653a       0x64 platform/UART.o
 .debug_loc     0x0000659e       0x50 src/ASF/mega/boards/atmega328pb_xplained_mini/init.o

.debug_macinfo
 *(.debug_macinfo)

.debug_weaknames
 *(.debug_weaknames)

.debug_funcnames
 *(.debug_funcnames)

.debug_typenames
 *(.debug_typenames)

.debug_varnames
 *(.debug_varnames)

.debug_pubtypes
 *(.debug_pubtypes)

.debug_ranges   0x00000000      0x5a0
 *(.debug_ranges)
 .debug_ranges  0x00000000      0x448 driver/deca_device_api.o
 .debug_ranges  0x00000448       0x40 examples/SS_TWR_INITIATOR.o
 .debug_ranges  0x00000488       0x68 include/shared_functions.o
 .debug_ranges  0x000004f0       0x10 main.o
 .debug_ranges  0x00000500       0x70 platform/port.o
 .debug_ranges  0x00000570       0x20 platform/UART.o
 .debug_ranges  0x00000590       0x10 src/ASF/mega/boards/atmega328pb_xplained_mini/init.o

.debug_macro    0x00000000     0x8bf2
 *(.debug_macro)
 .debug_macro   0x00000000      0x23b driver/deca_device_api.o
 .debug_macro   0x0000023b      0xa54 driver/deca_device_api.o
 .debug_macro   0x00000c8f       0x1c driver/deca_device_api.o
 .debug_macro   0x00000cab      0x10e driver/deca_device_api.o
 .debug_macro   0x00000db9       0x66 driver/deca_device_api.o
 .debug_macro   0x00000e1f      0x1c9 driver/deca_device_api.o
 .debug_macro   0x00000fe8      0x302 driver/deca_device_api.o
 .debug_macro   0x000012ea       0x86 driver/deca_device_api.o
 .debug_macro   0x00001370      0x4e3 driver/deca_device_api.o
 .debug_macro   0x00001853     0x3450 driver/deca_device_api.o
 .debug_macro   0x00004ca3      0x60a driver/deca_device_api.o
 .debug_macro   0x000052ad       0x16 driver/deca_device_api.o
 .debug_macro   0x000052c3       0xaa driver/deca_device_api.o
 .debug_macro   0x0000536d     0x1411 driver/deca_device_api.o
 .debug_macro   0x0000677e      0x13a driver/deca_device_api.o
 .debug_macro   0x000068b8       0xbd driver/deca_device_api.o
 .debug_macro   0x00006975       0x34 driver/deca_device_api.o
 .debug_macro   0x000069a9       0x18 driver/deca_device_api.o
 .debug_macro   0x000069c1       0x6c driver/deca_device_api.o
 .debug_macro   0x00006a2d       0x10 driver/deca_device_api.o
 .debug_macro   0x00006a3d      0x160 driver/deca_device_api.o
 .debug_macro   0x00006b9d       0x2e driver/deca_device_api.o
 .debug_macro   0x00006bcb       0x58 driver/deca_device_api.o
 .debug_macro   0x00006c23       0x10 driver/deca_device_api.o
 .debug_macro   0x00006c33       0x35 driver/deca_device_api.o
 .debug_macro   0x00006c68       0xf2 driver/deca_device_api.o
 .debug_macro   0x00006d5a       0x40 driver/deca_device_api.o
 .debug_macro   0x00006d9a       0x52 driver/deca_device_api.o
 .debug_macro   0x00006dec       0xb3 driver/deca_device_api.o
 .debug_macro   0x00006e9f       0x22 driver/deca_device_api.o
 .debug_macro   0x00006ec1      0x1d5 examples/SS_TWR_INITIATOR.o
 .debug_macro   0x00007096       0x4f include/config_options.o
 .debug_macro   0x000070e5      0x16d include/config_options.o
 .debug_macro   0x00007252      0x158 include/shared_functions.o
 .debug_macro   0x000073aa      0x259 main.o
 .debug_macro   0x00007603      0x71d main.o
 .debug_macro   0x00007d20       0x22 main.o
 .debug_macro   0x00007d42       0x60 main.o
 .debug_macro   0x00007da2       0x43 main.o
 .debug_macro   0x00007de5       0x69 main.o
 .debug_macro   0x00007e4e       0x2b main.o
 .debug_macro   0x00007e79       0x10 main.o
 .debug_macro   0x00007e89       0xe2 main.o
 .debug_macro   0x00007f6b       0x40 main.o
 .debug_macro   0x00007fab      0x100 main.o
 .debug_macro   0x000080ab       0x56 main.o
 .debug_macro   0x00008101       0x40 main.o
 .debug_macro   0x00008141      0x2df main.o
 .debug_macro   0x00008420       0x1c main.o
 .debug_macro   0x0000843c       0x58 main.o
 .debug_macro   0x00008494      0x15e platform/port.o
 .debug_macro   0x000085f2       0x3a platform/port.o
 .debug_macro   0x0000862c      0x158 platform/UART.o
 .debug_macro   0x00008784      0x17f src/ASF/mega/boards/atmega328pb_xplained_mini/init.o
 .debug_macro   0x00008903      0x2d9 src/ASF/mega/boards/atmega328pb_xplained_mini/init.o
 .debug_macro   0x00008bdc       0x16 src/ASF/mega/boards/atmega328pb_xplained_mini/init.o
OUTPUT(DW3000.elf elf32-avr)
LOAD linker stubs
